\BOOKMARK [0][-]{part.1}{\376\377\000I\000\040\000D\000a\000t\000a\000\040\000G\000e\000n\000e\000r\000a\000t\000i\000o\000n}{}% 1
\BOOKMARK [1][-]{section.1}{\376\377\000O\000v\000e\000r\000v\000i\000e\000w}{part.1}% 2
\BOOKMARK [2][-]{subsection.1.1}{\376\377\000E\000n\000d\000-\000t\000o\000-\000E\000n\000d\000\040\000P\000i\000p\000e\000l\000i\000n\000e}{section.1}% 3
\BOOKMARK [1][-]{section.2}{\376\377\000C\000o\000n\000f\000i\000g\000u\000r\000a\000t\000i\000o\000n\000\040\000P\000a\000r\000a\000m\000e\000t\000e\000r\000s\000\040\000\050\000N\000B\0000\0001\000\051}{part.1}% 4
\BOOKMARK [1][-]{section.3}{\376\377\000F\000e\000a\000t\000u\000r\000e\000\040\000R\000o\000l\000e\000s}{part.1}% 5
\BOOKMARK [1][-]{section.4}{\376\377\000T\000a\000s\000k\000\040\000S\000a\000m\000p\000l\000i\000n\000g\000:\000\040\000\137\000s\000a\000m\000p\000l\000e\000\137\000t\000a\000s\000k\000s\000\050\000\051}{part.1}% 6
\BOOKMARK [1][-]{section.5}{\376\377\000R\000u\000l\000e\000\040\000F\000a\000m\000i\000l\000i\000e\000s\000:\000\040\000\137\000a\000p\000p\000l\000y\000\137\000r\000u\000l\000e\000\050\000\051}{part.1}% 7
\BOOKMARK [2][-]{subsection.5.1}{\376\377\000L\000i\000n\000e\000a\000r}{section.5}% 8
\BOOKMARK [2][-]{subsection.5.2}{\376\377\000T\000h\000r\000e\000s\000h\000o\000l\000d\000\040\000\050\000M\000a\000j\000o\000r\000i\000t\000y\000\040\000V\000o\000t\000e\000\051}{section.5}% 9
\BOOKMARK [2][-]{subsection.5.3}{\376\377\000T\000r\000e\000e\000\040\000\050\000D\000e\000p\000t\000h\000-\0003\000\051}{section.5}% 10
\BOOKMARK [3][-]{subsubsection.5.3.1}{\376\377\000T\000r\000e\000e\000\040\000L\000e\000a\000f\000\040\000L\000a\000b\000e\000l\000\040\000S\000a\000m\000p\000l\000i\000n\000g}{subsection.5.3}% 11
\BOOKMARK [2][-]{subsection.5.4}{\376\377\000S\000p\000a\000r\000s\000e\000\040\000I\000n\000t\000e\000r\000a\000c\000t\000i\000o\000n}{section.5}% 12
\BOOKMARK [1][-]{section.6}{\376\377\000E\000n\000v\000i\000r\000o\000n\000m\000e\000n\000t\000\040\000G\000e\000n\000e\000r\000a\000t\000i\000o\000n\000:\000\040\000g\000e\000n\000e\000r\000a\000t\000e\000\137\000e\000n\000v\000i\000r\000o\000n\000m\000e\000n\000t\000\050\000\051}{part.1}% 13
\BOOKMARK [2][-]{subsection.6.1}{\376\377\000i\000d\000\040\040\024\000\040\000I\000n\000-\000D\000i\000s\000t\000r\000i\000b\000u\000t\000i\000o\000n}{section.6}% 14
\BOOKMARK [2][-]{subsection.6.2}{\376\377\000c\000o\000v\000a\000r\000i\000a\000t\000e\000\040\040\024\000\040\000P\000\050\000X\000\051\000\040\000S\000h\000i\000f\000t}{section.6}% 15
\BOOKMARK [2][-]{subsection.6.3}{\376\377\000m\000e\000c\000h\000a\000n\000i\000s\000m\000\040\040\024\000\040\000P\000\050\000Y\000|\000X\000\051\000\040\000S\000h\000i\000f\000t}{section.6}% 16
\BOOKMARK [2][-]{subsection.6.4}{\376\377\000s\000p\000u\000r\000i\000o\000u\000s\000-\000r\000e\000v\000e\000r\000s\000a\000l\000\040\040\024\000\040\000S\000p\000u\000r\000i\000o\000u\000s\000\040\000F\000l\000i\000p}{section.6}% 17
\BOOKMARK [2][-]{subsection.6.5}{\376\377\000e\000x\000t\000r\000a\000p\000o\000l\000a\000t\000i\000o\000n\000\040\040\024\000\040\000O\000u\000t\000-\000o\000f\000-\000S\000u\000p\000p\000o\000r\000t}{section.6}% 18
\BOOKMARK [2][-]{subsection.6.6}{\376\377\000m\000i\000s\000s\000i\000n\000g\000-\000f\000e\000a\000t\000u\000r\000e\000\040\040\024\000\040\000B\000r\000o\000k\000e\000n\000\040\000M\000e\000a\000s\000u\000r\000e\000m\000e\000n\000t}{section.6}% 19
\BOOKMARK [1][-]{section.7}{\376\377\000S\000p\000u\000r\000i\000o\000u\000s\000\040\000F\000e\000a\000t\000u\000r\000e\000\040\000C\000o\000n\000s\000t\000r\000u\000c\000t\000i\000o\000n\000\040\000\050\000f\0008\000\051}{part.1}% 20
\BOOKMARK [1][-]{section.8}{\376\377\000L\000a\000b\000e\000l\000\040\000N\000o\000i\000s\000e}{part.1}% 21
\BOOKMARK [1][-]{section.9}{\376\377\000D\000a\000t\000a\000s\000e\000t\000\040\000C\000o\000n\000s\000t\000r\000u\000c\000t\000i\000o\000n\000:\000\040\000t\000a\000s\000k\000\137\000t\000o\000\137\000d\000a\000t\000a\000f\000r\000a\000m\000e\000s\000\050\000\051}{part.1}% 22
\BOOKMARK [1][-]{section.10}{\376\377\000C\000a\000u\000s\000a\000l\000\040\000G\000r\000a\000p\000h}{part.1}% 23
\BOOKMARK [0][-]{part.2}{\376\377\000I\000I\000\040\000D\000o\000w\000n\000s\000t\000r\000e\000a\000m\000\040\000P\000i\000p\000e\000l\000i\000n\000e}{}% 24
\BOOKMARK [1][-]{section.11}{\376\377\000D\000e\000m\000o\000\040\000S\000e\000l\000e\000c\000t\000i\000o\000n\000\040\000\050\000N\000B\0000\0002\000\051}{part.2}% 25
\BOOKMARK [2][-]{subsection.11.1}{\376\377\000Z\000e\000r\000o\000-\000S\000h\000o\000t}{section.11}% 26
\BOOKMARK [2][-]{subsection.11.2}{\376\377\000R\000a\000n\000d\000o\000m}{section.11}% 27
\BOOKMARK [2][-]{subsection.11.3}{\376\377\000S\000i\000m\000i\000l\000a\000r\000i\000t\000y}{section.11}% 28
\BOOKMARK [2][-]{subsection.11.4}{\376\377\000L\000a\000b\000e\000l\000\040\000D\000i\000v\000e\000r\000s\000i\000t\000y\000\040\000\050\000P\000r\000o\000t\000o\000c\000o\000l\000\040\000A\000\051}{section.11}% 29
\BOOKMARK [2][-]{subsection.11.5}{\376\377\000F\000e\000a\000t\000u\000r\000e\000\040\000R\000a\000n\000g\000e\000\040\000\050\000P\000r\000o\000t\000o\000c\000o\000l\000\040\000B\000\051}{section.11}% 30
\BOOKMARK [2][-]{subsection.11.6}{\376\377\000R\000u\000l\000e\000\040\000D\000i\000v\000e\000r\000s\000i\000t\000y\000\040\000\050\000P\000r\000o\000t\000o\000c\000o\000l\000\040\000C\000\051}{section.11}% 31
\BOOKMARK [2][-]{subsection.11.7}{\376\377\000C\000o\000u\000n\000t\000e\000r\000-\000S\000p\000u\000r\000i\000o\000u\000s\000\040\000\050\000P\000r\000o\000t\000o\000c\000o\000l\000\040\000D\000\051}{section.11}% 32
\BOOKMARK [2][-]{subsection.11.8}{\376\377\000O\000r\000d\000e\000r\000i\000n\000g\000\040\000\050\000A\000p\000p\000l\000i\000e\000d\000\040\000t\000o\000\040\000A\000l\000l\000\040\000M\000e\000t\000h\000o\000d\000s\000\051}{section.11}% 33
\BOOKMARK [1][-]{section.12}{\376\377\000S\000e\000r\000i\000a\000l\000i\000s\000a\000t\000i\000o\000n}{part.2}% 34
\BOOKMARK [1][-]{section.13}{\376\377\000P\000r\000o\000m\000p\000t\000\040\000C\000o\000n\000s\000t\000r\000u\000c\000t\000i\000o\000n}{part.2}% 35
\BOOKMARK [1][-]{section.14}{\376\377\000L\000L\000M\000\040\000I\000n\000f\000e\000r\000e\000n\000c\000e}{part.2}% 36
\BOOKMARK [2][-]{subsection.14.1}{\376\377\000F\000o\000r\000w\000a\000r\000d\000\040\000P\000a\000s\000s}{section.14}% 37
\BOOKMARK [2][-]{subsection.14.2}{\376\377\000P\000r\000e\000d\000i\000c\000t\000i\000o\000n\000\040\000E\000x\000t\000r\000a\000c\000t\000i\000o\000n}{section.14}% 38
\BOOKMARK [1][-]{section.15}{\376\377\000E\000v\000a\000l\000u\000a\000t\000i\000o\000n\000\040\000M\000e\000t\000r\000i\000c\000s}{part.2}% 39
\BOOKMARK [2][-]{subsection.15.1}{\376\377\000A\000c\000c\000u\000r\000a\000c\000y}{section.15}% 40
\BOOKMARK [2][-]{subsection.15.2}{\376\377\000M\000a\000c\000r\000o\000\040\000F\0001}{section.15}% 41
\BOOKMARK [2][-]{subsection.15.3}{\376\377\000S\000h\000i\000f\000t\000\040\000G\000a\000p}{section.15}% 42
\BOOKMARK [2][-]{subsection.15.4}{\376\377\000I\000n\000v\000a\000l\000i\000d\000\040\000R\000a\000t\000e}{section.15}% 43
\BOOKMARK [1][-]{section.16}{\376\377\000E\000x\000p\000e\000r\000i\000m\000e\000n\000t\000\040\000O\000r\000c\000h\000e\000s\000t\000r\000a\000t\000i\000o\000n\000\040\000\050\000N\000B\0000\0002\000\051}{part.2}% 44
\BOOKMARK [0][-]{part.3}{\376\377\000I\000I\000I\000\040\000B\000u\000g\000-\000H\000u\000n\000t\000i\000n\000g\000\040\000N\000o\000t\000e\000s}{}% 45
